[    1256ms] [INFO] %cDownload the React DevTools for a better development experience: https://react.dev/link/react-devtools font-weight:bold @ http://[::1]:3000/_next/static/chunks/f8a95_next_dist_459ae31a._.js:2297
[    1306ms] [LOG] [HMR] connected @ http://[::1]:3000/_next/static/chunks/f8a95_next_dist_459ae31a._.js:2297
[    1436ms] [LOG] [Fast Refresh] rebuilding @ http://[::1]:3000/_next/static/chunks/f8a95_next_dist_459ae31a._.js:2297
[    1463ms] [LOG] [Fast Refresh] done in 142ms @ http://[::1]:3000/_next/static/chunks/f8a95_next_dist_459ae31a._.js:2297
[   14682ms] [LOG] [Fast Refresh] rebuilding @ http://[::1]:3000/_next/static/chunks/f8a95_next_dist_459ae31a._.js:2297
[   15730ms] [LOG] [Fast Refresh] done in 1150ms @ http://[::1]:3000/_next/static/chunks/f8a95_next_dist_459ae31a._.js:2297
[   15832ms] [LOG] [Fast Refresh] rebuilding @ http://[::1]:3000/_next/static/chunks/f8a95_next_dist_459ae31a._.js:2297
[   15869ms] [LOG] [Fast Refresh] done in 138ms @ http://[::1]:3000/_next/static/chunks/f8a95_next_dist_459ae31a._.js:2297
[   31084ms] [LOG] [Fast Refresh] rebuilding @ http://[::1]:3000/_next/static/chunks/f8a95_next_dist_459ae31a._.js:2297
[   34126ms] [LOG] [Fast Refresh] done in 3142ms @ http://[::1]:3000/_next/static/chunks/f8a95_next_dist_459ae31a._.js:2297
[   34227ms] [LOG] [Fast Refresh] rebuilding @ http://[::1]:3000/_next/static/chunks/f8a95_next_dist_459ae31a._.js:2297
[   34325ms] [LOG] [Fast Refresh] done in 199ms @ http://[::1]:3000/_next/static/chunks/f8a95_next_dist_459ae31a._.js:2297
[   35293ms] [LOG] [Fast Refresh] rebuilding @ http://[::1]:3000/_next/static/chunks/f8a95_next_dist_459ae31a._.js:2297
[   35299ms] [LOG] [Fast Refresh] done in 108ms @ http://[::1]:3000/_next/static/chunks/f8a95_next_dist_459ae31a._.js:2297
[  195225ms] [LOG] [Fast Refresh] rebuilding @ http://[::1]:3000/_next/static/chunks/f8a95_next_dist_459ae31a._.js:2297
[  195240ms] [LOG] [Fast Refresh] done in 117ms @ http://[::1]:3000/_next/static/chunks/f8a95_next_dist_459ae31a._.js:2297
[  214251ms] [LOG] [Fast Refresh] rebuilding @ http://[::1]:3000/_next/static/chunks/f8a95_next_dist_459ae31a._.js:2297
[  214258ms] [LOG] [Fast Refresh] done in 109ms @ http://[::1]:3000/_next/static/chunks/f8a95_next_dist_459ae31a._.js:2297
[  226308ms] [LOG] [Fast Refresh] rebuilding @ http://[::1]:3000/_next/static/chunks/f8a95_next_dist_459ae31a._.js:2297
[  226351ms] [LOG] [Fast Refresh] done in 94ms @ http://[::1]:3000/_next/static/chunks/f8a95_next_dist_459ae31a._.js:2297
[  229496ms] [LOG] [Fast Refresh] rebuilding @ http://[::1]:3000/_next/static/chunks/f8a95_next_dist_459ae31a._.js:2297
[  229586ms] [LOG] [Fast Refresh] done in 191ms @ http://[::1]:3000/_next/static/chunks/f8a95_next_dist_459ae31a._.js:2297
[  237466ms] [LOG] [Fast Refresh] rebuilding @ http://[::1]:3000/_next/static/chunks/f8a95_next_dist_459ae31a._.js:2297
[  237713ms] [LOG] [Fast Refresh] done in 312ms @ http://[::1]:3000/_next/static/chunks/f8a95_next_dist_459ae31a._.js:2297
[  244640ms] [LOG] [Fast Refresh] rebuilding @ http://[::1]:3000/_next/static/chunks/f8a95_next_dist_459ae31a._.js:2297
[  244685ms] [LOG] [Fast Refresh] done in 122ms @ http://[::1]:3000/_next/static/chunks/f8a95_next_dist_459ae31a._.js:2297
[  255961ms] [LOG] [Fast Refresh] rebuilding @ http://[::1]:3000/_next/static/chunks/f8a95_next_dist_459ae31a._.js:2297
[  256071ms] [LOG] [Fast Refresh] done in 159ms @ http://[::1]:3000/_next/static/chunks/f8a95_next_dist_459ae31a._.js:2297
[  256262ms] [LOG] [Fast Refresh] rebuilding @ http://[::1]:3000/_next/static/chunks/f8a95_next_dist_459ae31a._.js:2297
[  256402ms] [LOG] [Fast Refresh] done in 241ms @ http://[::1]:3000/_next/static/chunks/f8a95_next_dist_459ae31a._.js:2297
