[     118ms] [LOG] [Fast Refresh] rebuilding @ http://[::1]:3000/_next/static/chunks/f8a95_next_dist_459ae31a._.js:2297
[     255ms] [LOG] [Fast Refresh] done in 238ms @ http://[::1]:3000/_next/static/chunks/f8a95_next_dist_459ae31a._.js:2297
[    2005ms] [INFO] %cDownload the React DevTools for a better development experience: https://react.dev/link/react-devtools font-weight:bold @ http://[::1]:3000/_next/static/chunks/f8a95_next_dist_459ae31a._.js:2297
[    2036ms] [LOG] [HMR] connected @ http://[::1]:3000/_next/static/chunks/f8a95_next_dist_459ae31a._.js:2297
[   19230ms] [LOG] [Fast Refresh] rebuilding @ http://[::1]:3000/_next/static/chunks/f8a95_next_dist_459ae31a._.js:2297
[   19478ms] [LOG] [Fast Refresh] done in 348ms @ http://[::1]:3000/_next/static/chunks/f8a95_next_dist_459ae31a._.js:2297
[  234975ms] [LOG] [Fast Refresh] rebuilding @ http://[::1]:3000/_next/static/chunks/f8a95_next_dist_459ae31a._.js:2297
[  235176ms] [LOG] [Fast Refresh] done in 69ms @ http://[::1]:3000/_next/static/chunks/f8a95_next_dist_459ae31a._.js:2297
[  500121ms] [LOG] [Fast Refresh] rebuilding @ http://[::1]:3000/_next/static/chunks/f8a95_next_dist_459ae31a._.js:2297
[  500127ms] [LOG] [Fast Refresh] done in 107ms @ http://[::1]:3000/_next/static/chunks/f8a95_next_dist_459ae31a._.js:2297
[  569773ms] [LOG] [Fast Refresh] rebuilding @ http://[::1]:3000/_next/static/chunks/f8a95_next_dist_459ae31a._.js:2297
[  569813ms] [LOG] [Fast Refresh] done in 141ms @ http://[::1]:3000/_next/static/chunks/f8a95_next_dist_459ae31a._.js:2297
[ 3164882ms] [LOG] [Fast Refresh] rebuilding @ http://[::1]:3000/_next/static/chunks/f8a95_next_dist_459ae31a._.js:2297
[ 3165841ms] [LOG] [Fast Refresh] done in 723ms @ http://[::1]:3000/_next/static/chunks/f8a95_next_dist_459ae31a._.js:2297
[ 3166553ms] [LOG] [Fast Refresh] rebuilding @ http://[::1]:3000/_next/static/chunks/f8a95_next_dist_459ae31a._.js:2297
[ 3167011ms] [LOG] [Fast Refresh] done in 560ms @ http://[::1]:3000/_next/static/chunks/f8a95_next_dist_459ae31a._.js:2297
[ 3188199ms] [LOG] [Fast Refresh] rebuilding @ http://[::1]:3000/_next/static/chunks/f8a95_next_dist_459ae31a._.js:2297
[ 3188555ms] [LOG] [Fast Refresh] done in 455ms @ http://[::1]:3000/_next/static/chunks/f8a95_next_dist_459ae31a._.js:2297
[ 3199051ms] [LOG] [Fast Refresh] rebuilding @ http://[::1]:3000/_next/static/chunks/f8a95_next_dist_459ae31a._.js:2297
[ 3199059ms] [LOG] [Fast Refresh] done in 111ms @ http://[::1]:3000/_next/static/chunks/f8a95_next_dist_459ae31a._.js:2297
[ 3212421ms] [LOG] [Fast Refresh] rebuilding @ http://[::1]:3000/_next/static/chunks/f8a95_next_dist_459ae31a._.js:2297
[ 3212618ms] [LOG] [Fast Refresh] done in 96ms @ http://[::1]:3000/_next/static/chunks/f8a95_next_dist_459ae31a._.js:2297
[ 3863170ms] [LOG] [Fast Refresh] rebuilding @ http://[::1]:3000/_next/static/chunks/f8a95_next_dist_459ae31a._.js:2297
[ 3863192ms] [LOG] [Fast Refresh] done in 123ms @ http://[::1]:3000/_next/static/chunks/f8a95_next_dist_459ae31a._.js:2297
[ 3918671ms] [LOG] [Fast Refresh] rebuilding @ http://[::1]:3000/_next/static/chunks/f8a95_next_dist_459ae31a._.js:2297
[ 3918698ms] [LOG] [Fast Refresh] done in 129ms @ http://[::1]:3000/_next/static/chunks/f8a95_next_dist_459ae31a._.js:2297
[ 3919237ms] [LOG] [Fast Refresh] rebuilding @ http://[::1]:3000/_next/static/chunks/f8a95_next_dist_459ae31a._.js:2297
[ 3919241ms] [LOG] [Fast Refresh] done in 36ms @ http://[::1]:3000/_next/static/chunks/f8a95_next_dist_459ae31a._.js:2297
[ 4321465ms] [LOG] [Fast Refresh] rebuilding @ http://[::1]:3000/_next/static/chunks/f8a95_next_dist_459ae31a._.js:2297
[ 4321540ms] [LOG] [Fast Refresh] done in 152ms @ http://[::1]:3000/_next/static/chunks/f8a95_next_dist_459ae31a._.js:2297
[ 4347126ms] [LOG] [Fast Refresh] rebuilding @ http://[::1]:3000/_next/static/chunks/f8a95_next_dist_459ae31a._.js:2297
[ 4347359ms] [LOG] [Fast Refresh] done in 98ms @ http://[::1]:3000/_next/static/chunks/f8a95_next_dist_459ae31a._.js:2297
[ 4349191ms] [LOG] [Fast Refresh] rebuilding @ http://[::1]:3000/_next/static/chunks/f8a95_next_dist_459ae31a._.js:2297
[ 4349434ms] [LOG] [Fast Refresh] done in 134ms @ http://[::1]:3000/_next/static/chunks/f8a95_next_dist_459ae31a._.js:2297
[ 4528795ms] [LOG] [Fast Refresh] rebuilding @ http://[::1]:3000/_next/static/chunks/f8a95_next_dist_459ae31a._.js:2297
[ 4528927ms] [LOG] [Fast Refresh] done in 233ms @ http://[::1]:3000/_next/static/chunks/f8a95_next_dist_459ae31a._.js:2297
[ 4534620ms] [INFO] %cDownload the React DevTools for a better development experience: https://react.dev/link/react-devtools font-weight:bold @ http://[::1]:3000/_next/static/chunks/f8a95_next_dist_459ae31a._.js:2297
[ 4534734ms] [LOG] [HMR] connected @ http://[::1]:3000/_next/static/chunks/f8a95_next_dist_459ae31a._.js:2297
[ 4550376ms] [LOG] [Fast Refresh] rebuilding @ http://[::1]:3000/_next/static/chunks/f8a95_next_dist_459ae31a._.js:2297
[ 4552889ms] [LOG] [Fast Refresh] done in 2614ms @ http://[::1]:3000/_next/static/chunks/f8a95_next_dist_459ae31a._.js:2297
