[     695ms] [ERROR] Failed to load resource: net::ERR_FAILED @ chrome://new-tab-page/modules/v2/calendar/icons/attachment.svg:0
[    4029ms] [VERBOSE] [DOM] Input elements should have autocomplete attributes (suggested: "current-password"): (More info: https://goo.gl/9p2vKq) %o @ http://localhost:3000/login:0
[    4083ms] [INFO] %cDownload the React DevTools for a better development experience: https://react.dev/link/react-devtools font-weight:bold @ http://localhost:3000/_next/static/chunks/f8a95_next_dist_459ae31a._.js:2297
[    4203ms] [LOG] [HMR] connected @ http://localhost:3000/_next/static/chunks/f8a95_next_dist_459ae31a._.js:2297
[    4265ms] [ERROR] Failed to load resource: the server responded with a status of 404 (Not Found) @ http://localhost:3000/favicon.ico:0
[  788792ms] [LOG] [Fast Refresh] rebuilding @ http://localhost:3000/_next/static/chunks/f8a95_next_dist_459ae31a._.js:2297
[  788910ms] [LOG] [Fast Refresh] done in 218ms @ http://localhost:3000/_next/static/chunks/f8a95_next_dist_459ae31a._.js:2297
[  815805ms] [LOG] [Fast Refresh] rebuilding @ http://localhost:3000/_next/static/chunks/f8a95_next_dist_459ae31a._.js:2297
[  816113ms] [LOG] [Fast Refresh] done in 373ms @ http://localhost:3000/_next/static/chunks/f8a95_next_dist_459ae31a._.js:2297
[  825909ms] [LOG] [Fast Refresh] rebuilding @ http://localhost:3000/_next/static/chunks/f8a95_next_dist_459ae31a._.js:2297
[  827496ms] [LOG] [Fast Refresh] done in 1645ms @ http://localhost:3000/_next/static/chunks/f8a95_next_dist_459ae31a._.js:2297
[  973820ms] [LOG] [Fast Refresh] rebuilding @ http://localhost:3000/_next/static/chunks/f8a95_next_dist_459ae31a._.js:2297
[  975335ms] [LOG] [Fast Refresh] done in 1617ms @ http://localhost:3000/_next/static/chunks/f8a95_next_dist_459ae31a._.js:2297
[  979754ms] [LOG] [Fast Refresh] rebuilding @ http://localhost:3000/_next/static/chunks/f8a95_next_dist_459ae31a._.js:2297
[  979878ms] [LOG] [Fast Refresh] done in 225ms @ http://localhost:3000/_next/static/chunks/f8a95_next_dist_459ae31a._.js:2297
[  980105ms] [LOG] [Fast Refresh] rebuilding @ http://localhost:3000/_next/static/chunks/f8a95_next_dist_459ae31a._.js:2297
[  980458ms] [LOG] [Fast Refresh] done in 453ms @ http://localhost:3000/_next/static/chunks/f8a95_next_dist_459ae31a._.js:2297
[  980609ms] [LOG] [Fast Refresh] rebuilding @ http://localhost:3000/_next/static/chunks/f8a95_next_dist_459ae31a._.js:2297
[  980713ms] [LOG] [Fast Refresh] done in 204ms @ http://localhost:3000/_next/static/chunks/f8a95_next_dist_459ae31a._.js:2297
[  998894ms] [LOG] [Fast Refresh] rebuilding @ http://localhost:3000/_next/static/chunks/f8a95_next_dist_459ae31a._.js:2297
[  998904ms] [LOG] [Fast Refresh] done in 112ms @ http://localhost:3000/_next/static/chunks/f8a95_next_dist_459ae31a._.js:2297
[ 1027414ms] [LOG] [Fast Refresh] rebuilding @ http://localhost:3000/_next/static/chunks/f8a95_next_dist_459ae31a._.js:2297
[ 1027433ms] [LOG] [Fast Refresh] done in 119ms @ http://localhost:3000/_next/static/chunks/f8a95_next_dist_459ae31a._.js:2297
[ 1041305ms] [LOG] [Fast Refresh] rebuilding @ http://localhost:3000/_next/static/chunks/f8a95_next_dist_459ae31a._.js:2297
[ 1041317ms] [LOG] [Fast Refresh] done in 113ms @ http://localhost:3000/_next/static/chunks/f8a95_next_dist_459ae31a._.js:2297
[ 1046167ms] [LOG] [Fast Refresh] rebuilding @ http://localhost:3000/_next/static/chunks/f8a95_next_dist_459ae31a._.js:2297
[ 1046193ms] [LOG] [Fast Refresh] done in 126ms @ http://localhost:3000/_next/static/chunks/f8a95_next_dist_459ae31a._.js:2297
[ 1073616ms] [LOG] [Fast Refresh] rebuilding @ http://localhost:3000/_next/static/chunks/f8a95_next_dist_459ae31a._.js:2297
[ 1073640ms] [LOG] [Fast Refresh] done in 126ms @ http://localhost:3000/_next/static/chunks/f8a95_next_dist_459ae31a._.js:2297
[ 1094082ms] [LOG] [Fast Refresh] rebuilding @ http://localhost:3000/_next/static/chunks/f8a95_next_dist_459ae31a._.js:2297
[ 1094181ms] [LOG] [Fast Refresh] done in 200ms @ http://localhost:3000/_next/static/chunks/f8a95_next_dist_459ae31a._.js:2297
[ 3847537ms] [LOG] [Fast Refresh] rebuilding @ http://localhost:3000/_next/static/chunks/f8a95_next_dist_459ae31a._.js:2297
[ 3847937ms] [LOG] [Fast Refresh] done in 178ms @ http://localhost:3000/_next/static/chunks/f8a95_next_dist_459ae31a._.js:2297
[ 3854005ms] [LOG] [Fast Refresh] rebuilding @ http://localhost:3000/_next/static/chunks/f8a95_next_dist_459ae31a._.js:2297
[ 3854060ms] [LOG] [Fast Refresh] done in 158ms @ http://localhost:3000/_next/static/chunks/f8a95_next_dist_459ae31a._.js:2297
[ 3855476ms] [LOG] [Fast Refresh] rebuilding @ http://localhost:3000/_next/static/chunks/f8a95_next_dist_459ae31a._.js:2297
[ 3855503ms] [LOG] [Fast Refresh] done in 129ms @ http://localhost:3000/_next/static/chunks/f8a95_next_dist_459ae31a._.js:2297
[ 3891508ms] [LOG] [Fast Refresh] rebuilding @ http://localhost:3000/_next/static/chunks/f8a95_next_dist_459ae31a._.js:2297
[ 3891518ms] [LOG] [Fast Refresh] done in 110ms @ http://localhost:3000/_next/static/chunks/f8a95_next_dist_459ae31a._.js:2297
[ 3898366ms] [LOG] [Fast Refresh] rebuilding @ http://localhost:3000/_next/static/chunks/f8a95_next_dist_459ae31a._.js:2297
[ 3898374ms] [LOG] [Fast Refresh] done in 109ms @ http://localhost:3000/_next/static/chunks/f8a95_next_dist_459ae31a._.js:2297
[ 3980305ms] [LOG] [Fast Refresh] rebuilding @ http://localhost:3000/_next/static/chunks/f8a95_next_dist_459ae31a._.js:2297
[ 3980351ms] [LOG] [Fast Refresh] done in 74ms @ http://localhost:3000/_next/static/chunks/f8a95_next_dist_459ae31a._.js:2297
[ 4084476ms] [LOG] [Fast Refresh] rebuilding @ http://localhost:3000/_next/static/chunks/f8a95_next_dist_459ae31a._.js:2297
[ 4084477ms] [LOG] [Fast Refresh] done in 101ms @ http://localhost:3000/_next/static/chunks/f8a95_next_dist_459ae31a._.js:2297
[ 4105473ms] [LOG] [Fast Refresh] rebuilding @ http://localhost:3000/_next/static/chunks/f8a95_next_dist_459ae31a._.js:2297
[ 4105478ms] [LOG] [Fast Refresh] done in 106ms @ http://localhost:3000/_next/static/chunks/f8a95_next_dist_459ae31a._.js:2297
[ 4170141ms] [LOG] [Fast Refresh] rebuilding @ http://localhost:3000/_next/static/chunks/f8a95_next_dist_459ae31a._.js:2297
[ 4170159ms] [LOG] [Fast Refresh] done in 118ms @ http://localhost:3000/_next/static/chunks/f8a95_next_dist_459ae31a._.js:2297
[ 4218349ms] [LOG] [Fast Refresh] rebuilding @ http://localhost:3000/_next/static/chunks/f8a95_next_dist_459ae31a._.js:2297
[ 4218352ms] [LOG] [Fast Refresh] done in 105ms @ http://localhost:3000/_next/static/chunks/f8a95_next_dist_459ae31a._.js:2297
[ 5223118ms] [ERROR] Failed to load resource: the server responded with a status of 400 () @ https://mvxdxldwznbqycfgwqmc.supabase.co/auth/v1/token?grant_type=password:0
[ 5256378ms] [LOG] [Fast Refresh] rebuilding @ http://localhost:3000/_next/static/chunks/f8a95_next_dist_459ae31a._.js:2297
[ 5256489ms] [LOG] [Fast Refresh] done in 211ms @ http://localhost:3000/_next/static/chunks/f8a95_next_dist_459ae31a._.js:2297
[ 5360928ms] [LOG] [Fast Refresh] rebuilding @ http://localhost:3000/_next/static/chunks/f8a95_next_dist_459ae31a._.js:2297
[ 5360936ms] [LOG] [Fast Refresh] done in 110ms @ http://localhost:3000/_next/static/chunks/f8a95_next_dist_459ae31a._.js:2297
[ 5367400ms] [LOG] [Fast Refresh] rebuilding @ http://localhost:3000/_next/static/chunks/f8a95_next_dist_459ae31a._.js:2297
[ 5367619ms] [ERROR] %o

%s ReferenceError: downloadCsv is not defined
    at EnrollmentStatsClient (http://localhost:3000/_next/static/chunks/src_9a1ac4a1._.js?id=%255Bproject%255D%252Fsrc%252Fcomponents%252Fadmin%252Fenrollment-stats-client.tsx+%255Bapp-client%255D+%2528ecmascript%2529:190:42)
    at Object.react_stack_bottom_frame (http://localhost:3000/_next/static/chunks/f8a95_next_dist_compiled_react-dom_b0a814a6._.js:14826:24)
    at renderWithHooks (http://localhost:3000/_next/static/chunks/f8a95_next_dist_compiled_react-dom_b0a814a6._.js:4651:24)
    at updateFunctionComponent (http://localhost:3000/_next/static/chunks/f8a95_next_dist_compiled_react-dom_b0a814a6._.js:6112:21)
    at beginWork (http://localhost:3000/_next/static/chunks/f8a95_next_dist_compiled_react-dom_b0a814a6._.js:6708:24)
    at runWithFiberInDEV (http://localhost:3000/_next/static/chunks/f8a95_next_dist_compiled_react-dom_b0a814a6._.js:965:74)
    at performUnitOfWork (http://localhost:3000/_next/static/chunks/f8a95_next_dist_compiled_react-dom_b0a814a6._.js:9562:97)
    at workLoopSync (http://localhost:3000/_next/static/chunks/f8a95_next_dist_compiled_react-dom_b0a814a6._.js:9456:40)
    at renderRootSync (http://localhost:3000/_next/static/chunks/f8a95_next_dist_compiled_react-dom_b0a814a6._.js:9440:13)
    at performWorkOnRoot (http://localhost:3000/_next/static/chunks/f8a95_next_dist_compiled_react-dom_b0a814a6._.js:9105:47)
    at performSyncWorkOnRoot (http://localhost:3000/_next/static/chunks/f8a95_next_dist_compiled_react-dom_b0a814a6._.js:10238:9)
    at flushSyncWorkAcrossRoots_impl (http://localhost:3000/_next/static/chunks/f8a95_next_dist_compiled_react-dom_b0a814a6._.js:10154:316)
    at flushSyncWork$1 (http://localhost:3000/_next/static/chunks/f8a95_next_dist_compiled_react-dom_b0a814a6._.js:9237:86)
    at Object.scheduleRefresh (http://localhost:3000/_next/static/chunks/f8a95_next_dist_compiled_react-dom_b0a814a6._.js:299:13)
    at http://localhost:3000/_next/static/chunks/f8a95_next_dist_compiled_e7fb4c1c._.js:391:33
    at Set.forEach (<anonymous>)
    at Object.performReactRefresh (http://localhost:3000/_next/static/chunks/f8a95_next_dist_compiled_e7fb4c1c._.js:384:38)
    at applyUpdate (http://localhost:3000/_next/static/chunks/f8a95_next_dist_compiled_e7fb4c1c._.js:878:31)
    at http://localhost:3000/_next/static/chunks/f8a95_next_dist_compiled_e7fb4c1c._.js:886:13 The above error occurred in the <EnrollmentStatsClient> component. It was handled by the <ErrorBoundaryHandler> error boundary. @ http://localhost:3000/_next/static/chunks/f8a95_next_dist_client_e5ba0d71._.js:1342
[ 5367644ms] [LOG] [Fast Refresh] done in 293ms @ http://localhost:3000/_next/static/chunks/f8a95_next_dist_459ae31a._.js:2297
[ 5367758ms] [LOG] [Fast Refresh] rebuilding @ http://localhost:3000/_next/static/chunks/f8a95_next_dist_459ae31a._.js:2297
[ 5367872ms] [LOG] [Fast Refresh] done in 216ms @ http://localhost:3000/_next/static/chunks/f8a95_next_dist_459ae31a._.js:2297
[ 5376026ms] [LOG] [Fast Refresh] rebuilding @ http://localhost:3000/_next/static/chunks/f8a95_next_dist_459ae31a._.js:2297
[ 5376100ms] [LOG] [Fast Refresh] done in 59ms @ http://localhost:3000/_next/static/chunks/f8a95_next_dist_459ae31a._.js:2297
[ 5403977ms] [LOG] [Fast Refresh] rebuilding @ http://localhost:3000/_next/static/chunks/f8a95_next_dist_459ae31a._.js:2297
[ 5404092ms] [LOG] [Fast Refresh] done in 216ms @ http://localhost:3000/_next/static/chunks/f8a95_next_dist_459ae31a._.js:2297
[ 5406875ms] [LOG] [Fast Refresh] rebuilding @ http://localhost:3000/_next/static/chunks/f8a95_next_dist_459ae31a._.js:2297
[ 5406898ms] [LOG] [Fast Refresh] done in 125ms @ http://localhost:3000/_next/static/chunks/f8a95_next_dist_459ae31a._.js:2297
[ 5407237ms] [LOG] [Fast Refresh] rebuilding @ http://localhost:3000/_next/static/chunks/f8a95_next_dist_459ae31a._.js:2297
[ 5407284ms] [LOG] [Fast Refresh] done in 148ms @ http://localhost:3000/_next/static/chunks/f8a95_next_dist_459ae31a._.js:2297
[ 5448278ms] [LOG] [Fast Refresh] rebuilding @ http://localhost:3000/_next/static/chunks/f8a95_next_dist_459ae31a._.js:2297
[ 5448280ms] [LOG] [Fast Refresh] done in 103ms @ http://localhost:3000/_next/static/chunks/f8a95_next_dist_459ae31a._.js:2297
[ 5461320ms] [LOG] [Fast Refresh] rebuilding @ http://localhost:3000/_next/static/chunks/f8a95_next_dist_459ae31a._.js:2297
[ 5461332ms] [LOG] [Fast Refresh] done in 114ms @ http://localhost:3000/_next/static/chunks/f8a95_next_dist_459ae31a._.js:2297
[ 6169113ms] [LOG] [Fast Refresh] rebuilding @ http://localhost:3000/_next/static/chunks/f8a95_next_dist_459ae31a._.js:2297
[ 6169153ms] [LOG] [Fast Refresh] done in 102ms @ http://localhost:3000/_next/static/chunks/f8a95_next_dist_459ae31a._.js:2297
[ 6175594ms] [LOG] [Fast Refresh] rebuilding @ http://localhost:3000/_next/static/chunks/f8a95_next_dist_459ae31a._.js:2297
[ 6175726ms] [LOG] [Fast Refresh] done in 233ms @ http://localhost:3000/_next/static/chunks/f8a95_next_dist_459ae31a._.js:2297
[ 6177535ms] [LOG] [Fast Refresh] rebuilding @ http://localhost:3000/_next/static/chunks/f8a95_next_dist_459ae31a._.js:2297
[ 6177551ms] [LOG] [Fast Refresh] done in 118ms @ http://localhost:3000/_next/static/chunks/f8a95_next_dist_459ae31a._.js:2297
[ 6627343ms] [LOG] [Fast Refresh] rebuilding @ http://localhost:3000/_next/static/chunks/f8a95_next_dist_459ae31a._.js:2297
[ 6627382ms] [LOG] [Fast Refresh] done in 97ms @ http://localhost:3000/_next/static/chunks/f8a95_next_dist_459ae31a._.js:2297
[ 6678980ms] [LOG] [Fast Refresh] rebuilding @ http://localhost:3000/_next/static/chunks/f8a95_next_dist_459ae31a._.js:2297
[ 6679026ms] [LOG] [Fast Refresh] done in 94ms @ http://localhost:3000/_next/static/chunks/f8a95_next_dist_459ae31a._.js:2297
[ 6684172ms] [LOG] [Fast Refresh] rebuilding @ http://localhost:3000/_next/static/chunks/f8a95_next_dist_459ae31a._.js:2297
[ 6684338ms] [LOG] [Fast Refresh] done in 267ms @ http://localhost:3000/_next/static/chunks/f8a95_next_dist_459ae31a._.js:2297
[ 6686520ms] [LOG] [Fast Refresh] rebuilding @ http://localhost:3000/_next/static/chunks/f8a95_next_dist_459ae31a._.js:2297
[ 6686572ms] [LOG] [Fast Refresh] done in 152ms @ http://localhost:3000/_next/static/chunks/f8a95_next_dist_459ae31a._.js:2297
[ 6700441ms] [LOG] [Fast Refresh] rebuilding @ http://localhost:3000/_next/static/chunks/f8a95_next_dist_459ae31a._.js:2297
[ 6700446ms] [LOG] [Fast Refresh] done in 108ms @ http://localhost:3000/_next/static/chunks/f8a95_next_dist_459ae31a._.js:2297
[14073551ms] [LOG] [Fast Refresh] rebuilding @ http://localhost:3000/_next/static/chunks/f8a95_next_dist_459ae31a._.js:2297
[14074734ms] [LOG] [Fast Refresh] done in 482ms @ http://localhost:3000/_next/static/chunks/f8a95_next_dist_459ae31a._.js:2297
[14083232ms] [LOG] [Fast Refresh] rebuilding @ http://localhost:3000/_next/static/chunks/f8a95_next_dist_459ae31a._.js:2297
[14083245ms] [LOG] [Fast Refresh] done in 114ms @ http://localhost:3000/_next/static/chunks/f8a95_next_dist_459ae31a._.js:2297
[14083348ms] [LOG] [Fast Refresh] rebuilding @ http://localhost:3000/_next/static/chunks/f8a95_next_dist_459ae31a._.js:2297
[14083665ms] [LOG] [Fast Refresh] done in 164ms @ http://localhost:3000/_next/static/chunks/f8a95_next_dist_459ae31a._.js:2297
[14085219ms] [LOG] [Fast Refresh] rebuilding @ http://localhost:3000/_next/static/chunks/f8a95_next_dist_459ae31a._.js:2297
[14085241ms] [LOG] [Fast Refresh] done in 123ms @ http://localhost:3000/_next/static/chunks/f8a95_next_dist_459ae31a._.js:2297
[14137684ms] [LOG] [Fast Refresh] rebuilding @ http://localhost:3000/_next/static/chunks/f8a95_next_dist_459ae31a._.js:2297
[14137729ms] [LOG] [Fast Refresh] done in 108ms @ http://localhost:3000/_next/static/chunks/f8a95_next_dist_459ae31a._.js:2297
[14152622ms] [LOG] [Fast Refresh] rebuilding @ http://localhost:3000/_next/static/chunks/f8a95_next_dist_459ae31a._.js:2297
[14152794ms] [LOG] [Fast Refresh] done in 273ms @ http://localhost:3000/_next/static/chunks/f8a95_next_dist_459ae31a._.js:2297
[14155363ms] [LOG] [Fast Refresh] rebuilding @ http://localhost:3000/_next/static/chunks/f8a95_next_dist_459ae31a._.js:2297
[14155382ms] [LOG] [Fast Refresh] done in 121ms @ http://localhost:3000/_next/static/chunks/f8a95_next_dist_459ae31a._.js:2297
[14161888ms] [LOG] [Fast Refresh] rebuilding @ http://localhost:3000/_next/static/chunks/f8a95_next_dist_459ae31a._.js:2297
[14161937ms] [LOG] [Fast Refresh] done in 150ms @ http://localhost:3000/_next/static/chunks/f8a95_next_dist_459ae31a._.js:2297
[14167477ms] [LOG] [Fast Refresh] rebuilding @ http://localhost:3000/_next/static/chunks/f8a95_next_dist_459ae31a._.js:2297
[14169730ms] [LOG] [Fast Refresh] done in 2354ms @ http://localhost:3000/_next/static/chunks/f8a95_next_dist_459ae31a._.js:2297
[14170990ms] [LOG] [Fast Refresh] rebuilding @ http://localhost:3000/_next/static/chunks/f8a95_next_dist_459ae31a._.js:2297
[14171011ms] [LOG] [Fast Refresh] done in 122ms @ http://localhost:3000/_next/static/chunks/f8a95_next_dist_459ae31a._.js:2297
[61132178ms] [LOG] [HMR] connected @ http://localhost:3000/_next/static/chunks/f8a95_next_dist_459ae31a._.js:2297
[64940896ms] [ERROR] Failed to load resource: net::ERR_INTERNET_DISCONNECTED @ https://mvxdxldwznbqycfgwqmc.supabase.co/auth/v1/token?grant_type=refresh_token:0
[64940898ms] [ERROR] TypeError: Failed to fetch
    at http://localhost:3000/_next/static/chunks/node_modules__pnpm_80526262._.js:10219:23
    at _handleRequest (http://localhost:3000/_next/static/chunks/node_modules__pnpm_80526262._.js:10573:24)
    at _request (http://localhost:3000/_next/static/chunks/node_modules__pnpm_80526262._.js:10560:24)
    at http://localhost:3000/_next/static/chunks/node_modules__pnpm_80526262._.js:14446:290
    at http://localhost:3000/_next/static/chunks/node_modules__pnpm_80526262._.js:10289:42
    at http://localhost:3000/_next/static/chunks/node_modules__pnpm_80526262._.js:10301:11
    at new Promise (<anonymous>)
    at retryable (http://localhost:3000/_next/static/chunks/node_modules__pnpm_80526262._.js:10283:21)
    at SupabaseAuthClient._refreshAccessToken (http://localhost:3000/_next/static/chunks/node_modules__pnpm_80526262._.js:14441:289)
    at SupabaseAuthClient._callRefreshToken (http://localhost:3000/_next/static/chunks/node_modules__pnpm_80526262._.js:14597:48)
    at SupabaseAuthClient.__loadSession (http://localhost:3000/_next/static/chunks/node_modules__pnpm_80526262._.js:13737:57)
    at async SupabaseAuthClient._useSession (http://localhost:3000/_next/static/chunks/node_modules__pnpm_80526262._.js:13667:28)
    at async http://localhost:3000/_next/static/chunks/node_modules__pnpm_80526262._.js:14810:32 @ http://localhost:3000/_next/static/chunks/f8a95_next_dist_459ae31a._.js:3127
[64941103ms] [ERROR] Failed to load resource: net::ERR_INTERNET_DISCONNECTED @ https://mvxdxldwznbqycfgwqmc.supabase.co/auth/v1/token?grant_type=refresh_token:0
[64941103ms] [ERROR] TypeError: Failed to fetch
    at http://localhost:3000/_next/static/chunks/node_modules__pnpm_80526262._.js:10219:23
    at _handleRequest (http://localhost:3000/_next/static/chunks/node_modules__pnpm_80526262._.js:10573:24)
    at _request (http://localhost:3000/_next/static/chunks/node_modules__pnpm_80526262._.js:10560:24)
    at http://localhost:3000/_next/static/chunks/node_modules__pnpm_80526262._.js:14446:290
    at async http://localhost:3000/_next/static/chunks/node_modules__pnpm_80526262._.js:10289:36 @ http://localhost:3000/_next/static/chunks/f8a95_next_dist_459ae31a._.js:3127
[64941509ms] [ERROR] Failed to load resource: net::ERR_INTERNET_DISCONNECTED @ https://mvxdxldwznbqycfgwqmc.supabase.co/auth/v1/token?grant_type=refresh_token:0
[64941510ms] [ERROR] TypeError: Failed to fetch
    at http://localhost:3000/_next/static/chunks/node_modules__pnpm_80526262._.js:10219:23
    at _handleRequest (http://localhost:3000/_next/static/chunks/node_modules__pnpm_80526262._.js:10573:24)
    at _request (http://localhost:3000/_next/static/chunks/node_modules__pnpm_80526262._.js:10560:24)
    at http://localhost:3000/_next/static/chunks/node_modules__pnpm_80526262._.js:14446:290
    at async http://localhost:3000/_next/static/chunks/node_modules__pnpm_80526262._.js:10289:36 @ http://localhost:3000/_next/static/chunks/f8a95_next_dist_459ae31a._.js:3127
[64942313ms] [ERROR] Failed to load resource: net::ERR_INTERNET_DISCONNECTED @ https://mvxdxldwznbqycfgwqmc.supabase.co/auth/v1/token?grant_type=refresh_token:0
[64942313ms] [ERROR] TypeError: Failed to fetch
    at http://localhost:3000/_next/static/chunks/node_modules__pnpm_80526262._.js:10219:23
    at _handleRequest (http://localhost:3000/_next/static/chunks/node_modules__pnpm_80526262._.js:10573:24)
    at _request (http://localhost:3000/_next/static/chunks/node_modules__pnpm_80526262._.js:10560:24)
    at http://localhost:3000/_next/static/chunks/node_modules__pnpm_80526262._.js:14446:290
    at async http://localhost:3000/_next/static/chunks/node_modules__pnpm_80526262._.js:10289:36 @ http://localhost:3000/_next/static/chunks/f8a95_next_dist_459ae31a._.js:3127
[64943918ms] [ERROR] Failed to load resource: net::ERR_INTERNET_DISCONNECTED @ https://mvxdxldwznbqycfgwqmc.supabase.co/auth/v1/token?grant_type=refresh_token:0
[64943918ms] [ERROR] TypeError: Failed to fetch
    at http://localhost:3000/_next/static/chunks/node_modules__pnpm_80526262._.js:10219:23
    at _handleRequest (http://localhost:3000/_next/static/chunks/node_modules__pnpm_80526262._.js:10573:24)
    at _request (http://localhost:3000/_next/static/chunks/node_modules__pnpm_80526262._.js:10560:24)
    at http://localhost:3000/_next/static/chunks/node_modules__pnpm_80526262._.js:14446:290
    at async http://localhost:3000/_next/static/chunks/node_modules__pnpm_80526262._.js:10289:36 @ http://localhost:3000/_next/static/chunks/f8a95_next_dist_459ae31a._.js:3127
[64947122ms] [ERROR] Failed to load resource: net::ERR_INTERNET_DISCONNECTED @ https://mvxdxldwznbqycfgwqmc.supabase.co/auth/v1/token?grant_type=refresh_token:0
[64947122ms] [ERROR] TypeError: Failed to fetch
    at http://localhost:3000/_next/static/chunks/node_modules__pnpm_80526262._.js:10219:23
    at _handleRequest (http://localhost:3000/_next/static/chunks/node_modules__pnpm_80526262._.js:10573:24)
    at _request (http://localhost:3000/_next/static/chunks/node_modules__pnpm_80526262._.js:10560:24)
    at http://localhost:3000/_next/static/chunks/node_modules__pnpm_80526262._.js:14446:290
    at async http://localhost:3000/_next/static/chunks/node_modules__pnpm_80526262._.js:10289:36 @ http://localhost:3000/_next/static/chunks/f8a95_next_dist_459ae31a._.js:3127
[64953527ms] [ERROR] Failed to load resource: net::ERR_INTERNET_DISCONNECTED @ https://mvxdxldwznbqycfgwqmc.supabase.co/auth/v1/token?grant_type=refresh_token:0
[64953527ms] [ERROR] TypeError: Failed to fetch
    at http://localhost:3000/_next/static/chunks/node_modules__pnpm_80526262._.js:10219:23
    at _handleRequest (http://localhost:3000/_next/static/chunks/node_modules__pnpm_80526262._.js:10573:24)
    at _request (http://localhost:3000/_next/static/chunks/node_modules__pnpm_80526262._.js:10560:24)
    at http://localhost:3000/_next/static/chunks/node_modules__pnpm_80526262._.js:14446:290
    at async http://localhost:3000/_next/static/chunks/node_modules__pnpm_80526262._.js:10289:36 @ http://localhost:3000/_next/static/chunks/f8a95_next_dist_459ae31a._.js:3127
[64966333ms] [ERROR] Failed to load resource: net::ERR_INTERNET_DISCONNECTED @ https://mvxdxldwznbqycfgwqmc.supabase.co/auth/v1/token?grant_type=refresh_token:0
[64966333ms] [ERROR] TypeError: Failed to fetch
    at http://localhost:3000/_next/static/chunks/node_modules__pnpm_80526262._.js:10219:23
    at _handleRequest (http://localhost:3000/_next/static/chunks/node_modules__pnpm_80526262._.js:10573:24)
    at _request (http://localhost:3000/_next/static/chunks/node_modules__pnpm_80526262._.js:10560:24)
    at http://localhost:3000/_next/static/chunks/node_modules__pnpm_80526262._.js:14446:290
    at async http://localhost:3000/_next/static/chunks/node_modules__pnpm_80526262._.js:10289:36 @ http://localhost:3000/_next/static/chunks/f8a95_next_dist_459ae31a._.js:3127
[64970896ms] [ERROR] Failed to load resource: net::ERR_INTERNET_DISCONNECTED @ https://mvxdxldwznbqycfgwqmc.supabase.co/auth/v1/token?grant_type=refresh_token:0
[64970896ms] [ERROR] TypeError: Failed to fetch
    at http://localhost:3000/_next/static/chunks/node_modules__pnpm_80526262._.js:10219:23
    at _handleRequest (http://localhost:3000/_next/static/chunks/node_modules__pnpm_80526262._.js:10573:24)
    at _request (http://localhost:3000/_next/static/chunks/node_modules__pnpm_80526262._.js:10560:24)
    at http://localhost:3000/_next/static/chunks/node_modules__pnpm_80526262._.js:14446:290
    at http://localhost:3000/_next/static/chunks/node_modules__pnpm_80526262._.js:10289:42
    at http://localhost:3000/_next/static/chunks/node_modules__pnpm_80526262._.js:10301:11
    at new Promise (<anonymous>)
    at retryable (http://localhost:3000/_next/static/chunks/node_modules__pnpm_80526262._.js:10283:21)
    at SupabaseAuthClient._refreshAccessToken (http://localhost:3000/_next/static/chunks/node_modules__pnpm_80526262._.js:14441:289)
    at SupabaseAuthClient._callRefreshToken (http://localhost:3000/_next/static/chunks/node_modules__pnpm_80526262._.js:14597:48)
    at SupabaseAuthClient.__loadSession (http://localhost:3000/_next/static/chunks/node_modules__pnpm_80526262._.js:13737:57)
    at async SupabaseAuthClient._useSession (http://localhost:3000/_next/static/chunks/node_modules__pnpm_80526262._.js:13667:28)
    at async http://localhost:3000/_next/static/chunks/node_modules__pnpm_80526262._.js:14810:32 @ http://localhost:3000/_next/static/chunks/f8a95_next_dist_459ae31a._.js:3127
[64971102ms] [ERROR] Failed to load resource: net::ERR_INTERNET_DISCONNECTED @ https://mvxdxldwznbqycfgwqmc.supabase.co/auth/v1/token?grant_type=refresh_token:0
[64971102ms] [ERROR] TypeError: Failed to fetch
    at http://localhost:3000/_next/static/chunks/node_modules__pnpm_80526262._.js:10219:23
    at _handleRequest (http://localhost:3000/_next/static/chunks/node_modules__pnpm_80526262._.js:10573:24)
    at _request (http://localhost:3000/_next/static/chunks/node_modules__pnpm_80526262._.js:10560:24)
    at http://localhost:3000/_next/static/chunks/node_modules__pnpm_80526262._.js:14446:290
    at async http://localhost:3000/_next/static/chunks/node_modules__pnpm_80526262._.js:10289:36 @ http://localhost:3000/_next/static/chunks/f8a95_next_dist_459ae31a._.js:3127
[64971509ms] [ERROR] Failed to load resource: net::ERR_INTERNET_DISCONNECTED @ https://mvxdxldwznbqycfgwqmc.supabase.co/auth/v1/token?grant_type=refresh_token:0
[64971509ms] [ERROR] TypeError: Failed to fetch
    at http://localhost:3000/_next/static/chunks/node_modules__pnpm_80526262._.js:10219:23
    at _handleRequest (http://localhost:3000/_next/static/chunks/node_modules__pnpm_80526262._.js:10573:24)
    at _request (http://localhost:3000/_next/static/chunks/node_modules__pnpm_80526262._.js:10560:24)
    at http://localhost:3000/_next/static/chunks/node_modules__pnpm_80526262._.js:14446:290
    at async http://localhost:3000/_next/static/chunks/node_modules__pnpm_80526262._.js:10289:36 @ http://localhost:3000/_next/static/chunks/f8a95_next_dist_459ae31a._.js:3127
[64972312ms] [ERROR] Failed to load resource: net::ERR_INTERNET_DISCONNECTED @ https://mvxdxldwznbqycfgwqmc.supabase.co/auth/v1/token?grant_type=refresh_token:0
[64972313ms] [ERROR] TypeError: Failed to fetch
    at http://localhost:3000/_next/static/chunks/node_modules__pnpm_80526262._.js:10219:23
    at _handleRequest (http://localhost:3000/_next/static/chunks/node_modules__pnpm_80526262._.js:10573:24)
    at _request (http://localhost:3000/_next/static/chunks/node_modules__pnpm_80526262._.js:10560:24)
    at http://localhost:3000/_next/static/chunks/node_modules__pnpm_80526262._.js:14446:290
    at async http://localhost:3000/_next/static/chunks/node_modules__pnpm_80526262._.js:10289:36 @ http://localhost:3000/_next/static/chunks/f8a95_next_dist_459ae31a._.js:3127
[65131270ms] [LOG] [Fast Refresh] rebuilding @ http://localhost:3000/_next/static/chunks/f8a95_next_dist_459ae31a._.js:2297
[65131292ms] [LOG] [Fast Refresh] done in 122ms @ http://localhost:3000/_next/static/chunks/f8a95_next_dist_459ae31a._.js:2297
[65237566ms] [LOG] [Fast Refresh] rebuilding @ http://localhost:3000/_next/static/chunks/f8a95_next_dist_459ae31a._.js:2297
[65237604ms] [LOG] [Fast Refresh] done in 83ms @ http://localhost:3000/_next/static/chunks/f8a95_next_dist_459ae31a._.js:2297
[65246746ms] [LOG] [Fast Refresh] rebuilding @ http://localhost:3000/_next/static/chunks/f8a95_next_dist_459ae31a._.js:2297
[65246783ms] [LOG] [Fast Refresh] done in 80ms @ http://localhost:3000/_next/static/chunks/f8a95_next_dist_459ae31a._.js:2297
[65265078ms] [LOG] [Fast Refresh] rebuilding @ http://localhost:3000/_next/static/chunks/f8a95_next_dist_459ae31a._.js:2297
[65265132ms] [LOG] [Fast Refresh] done in 84ms @ http://localhost:3000/_next/static/chunks/f8a95_next_dist_459ae31a._.js:2297
[65290562ms] [LOG] [Fast Refresh] rebuilding @ http://localhost:3000/_next/static/chunks/f8a95_next_dist_459ae31a._.js:2297
[65290769ms] [LOG] [Fast Refresh] done in 307ms @ http://localhost:3000/_next/static/chunks/f8a95_next_dist_459ae31a._.js:2297
[65294063ms] [LOG] [Fast Refresh] rebuilding @ http://localhost:3000/_next/static/chunks/f8a95_next_dist_459ae31a._.js:2297
[65294165ms] [LOG] [Fast Refresh] done in 204ms @ http://localhost:3000/_next/static/chunks/f8a95_next_dist_459ae31a._.js:2297
[65324153ms] [LOG] [Fast Refresh] rebuilding @ http://localhost:3000/_next/static/chunks/f8a95_next_dist_459ae31a._.js:2297
[65324234ms] [LOG] [Fast Refresh] done in 97ms @ http://localhost:3000/_next/static/chunks/f8a95_next_dist_459ae31a._.js:2297
[65351707ms] [LOG] [Fast Refresh] rebuilding @ http://localhost:3000/_next/static/chunks/f8a95_next_dist_459ae31a._.js:2297
[65351710ms] [LOG] [Fast Refresh] done in 103ms @ http://localhost:3000/_next/static/chunks/f8a95_next_dist_459ae31a._.js:2297
[65369110ms] [LOG] [Fast Refresh] rebuilding @ http://localhost:3000/_next/static/chunks/f8a95_next_dist_459ae31a._.js:2297
[65369149ms] [LOG] [Fast Refresh] done in 83ms @ http://localhost:3000/_next/static/chunks/f8a95_next_dist_459ae31a._.js:2297
[65380999ms] [LOG] [Fast Refresh] rebuilding @ http://localhost:3000/_next/static/chunks/f8a95_next_dist_459ae31a._.js:2297
[65381103ms] [LOG] [Fast Refresh] done in 205ms @ http://localhost:3000/_next/static/chunks/f8a95_next_dist_459ae31a._.js:2297
[65383264ms] [LOG] [Fast Refresh] rebuilding @ http://localhost:3000/_next/static/chunks/f8a95_next_dist_459ae31a._.js:2297
[65383283ms] [LOG] [Fast Refresh] done in 120ms @ http://localhost:3000/_next/static/chunks/f8a95_next_dist_459ae31a._.js:2297
[65522242ms] [LOG] [Fast Refresh] rebuilding @ http://localhost:3000/_next/static/chunks/f8a95_next_dist_459ae31a._.js:2297
[65522257ms] [LOG] [Fast Refresh] done in 116ms @ http://localhost:3000/_next/static/chunks/f8a95_next_dist_459ae31a._.js:2297
[65537987ms] [LOG] [Fast Refresh] rebuilding @ http://localhost:3000/_next/static/chunks/f8a95_next_dist_459ae31a._.js:2297
[65538144ms] [LOG] [Fast Refresh] done in 258ms @ http://localhost:3000/_next/static/chunks/f8a95_next_dist_459ae31a._.js:2297
[65720536ms] [LOG] [Fast Refresh] rebuilding @ http://localhost:3000/_next/static/chunks/f8a95_next_dist_459ae31a._.js:2297
[65720575ms] [LOG] [Fast Refresh] done in 104ms @ http://localhost:3000/_next/static/chunks/f8a95_next_dist_459ae31a._.js:2297
[65992187ms] [LOG] [Fast Refresh] rebuilding @ http://localhost:3000/_next/static/chunks/f8a95_next_dist_459ae31a._.js:2297
[65992227ms] [LOG] [Fast Refresh] done in 141ms @ http://localhost:3000/_next/static/chunks/f8a95_next_dist_459ae31a._.js:2297
[65992558ms] [LOG] [Fast Refresh] rebuilding @ http://localhost:3000/_next/static/chunks/f8a95_next_dist_459ae31a._.js:2297
[65992649ms] [LOG] [Fast Refresh] done in 191ms @ http://localhost:3000/_next/static/chunks/f8a95_next_dist_459ae31a._.js:2297
[66178252ms] [LOG] [Fast Refresh] rebuilding @ http://localhost:3000/_next/static/chunks/f8a95_next_dist_459ae31a._.js:2297
[66178287ms] [LOG] [Fast Refresh] done in 99ms @ http://localhost:3000/_next/static/chunks/f8a95_next_dist_459ae31a._.js:2297
[66489053ms] [LOG] [Fast Refresh] rebuilding @ http://localhost:3000/_next/static/chunks/f8a95_next_dist_459ae31a._.js:2297
[66489104ms] [LOG] [Fast Refresh] done in 153ms @ http://localhost:3000/_next/static/chunks/f8a95_next_dist_459ae31a._.js:2297
[66501936ms] [INFO] %cDownload the React DevTools for a better development experience: https://react.dev/link/react-devtools font-weight:bold @ http://localhost:3000/_next/static/chunks/f8a95_next_dist_459ae31a._.js:2297
[66502073ms] [LOG] [HMR] connected @ http://localhost:3000/_next/static/chunks/f8a95_next_dist_459ae31a._.js:2297
[66538347ms] [LOG] [Fast Refresh] rebuilding @ http://localhost:3000/_next/static/chunks/f8a95_next_dist_459ae31a._.js:2297
[66538369ms] [LOG] [Fast Refresh] done in 123ms @ http://localhost:3000/_next/static/chunks/f8a95_next_dist_459ae31a._.js:2297
[66538591ms] [LOG] [Fast Refresh] rebuilding @ http://localhost:3000/_next/static/chunks/f8a95_next_dist_459ae31a._.js:2297
[66538605ms] [LOG] [Fast Refresh] done in 115ms @ http://localhost:3000/_next/static/chunks/f8a95_next_dist_459ae31a._.js:2297
[66727412ms] [LOG] [Fast Refresh] rebuilding @ http://localhost:3000/_next/static/chunks/f8a95_next_dist_459ae31a._.js:2297
[66727451ms] [LOG] [Fast Refresh] done in 90ms @ http://localhost:3000/_next/static/chunks/f8a95_next_dist_459ae31a._.js:2297
[66738303ms] [LOG] [Fast Refresh] rebuilding @ http://localhost:3000/_next/static/chunks/f8a95_next_dist_459ae31a._.js:2297
[66738415ms] [LOG] [Fast Refresh] done in 214ms @ http://localhost:3000/_next/static/chunks/f8a95_next_dist_459ae31a._.js:2297
[66740664ms] [LOG] [Fast Refresh] rebuilding @ http://localhost:3000/_next/static/chunks/f8a95_next_dist_459ae31a._.js:2297
[66740667ms] [LOG] [Fast Refresh] done in 104ms @ http://localhost:3000/_next/static/chunks/f8a95_next_dist_459ae31a._.js:2297
[66753377ms] [LOG] [Fast Refresh] rebuilding @ http://localhost:3000/_next/static/chunks/f8a95_next_dist_459ae31a._.js:2297
[66753378ms] [LOG] [Fast Refresh] done in 102ms @ http://localhost:3000/_next/static/chunks/f8a95_next_dist_459ae31a._.js:2297
[66780624ms] [LOG] [Fast Refresh] rebuilding @ http://localhost:3000/_next/static/chunks/f8a95_next_dist_459ae31a._.js:2297
[66780627ms] [LOG] [Fast Refresh] done in 104ms @ http://localhost:3000/_next/static/chunks/f8a95_next_dist_459ae31a._.js:2297
[66804596ms] [LOG] [Fast Refresh] rebuilding @ http://localhost:3000/_next/static/chunks/f8a95_next_dist_459ae31a._.js:2297
[66804597ms] [LOG] [Fast Refresh] done in 102ms @ http://localhost:3000/_next/static/chunks/f8a95_next_dist_459ae31a._.js:2297
[67038250ms] [LOG] [Fast Refresh] rebuilding @ http://localhost:3000/_next/static/chunks/f8a95_next_dist_459ae31a._.js:2297
[67038253ms] [LOG] [Fast Refresh] done in 103ms @ http://localhost:3000/_next/static/chunks/f8a95_next_dist_459ae31a._.js:2297
[67048541ms] [LOG] [Fast Refresh] rebuilding @ http://localhost:3000/_next/static/chunks/f8a95_next_dist_459ae31a._.js:2297
[67048564ms] [ERROR] %o

%s ReferenceError: downloadCsv is not defined
    at EnrollmentStatsClient (http://localhost:3000/_next/static/chunks/src_9a1ac4a1._.js?id=%255Bproject%255D%252Fsrc%252Fcomponents%252Fadmin%252Fenrollment-stats-client.tsx+%255Bapp-client%255D+%2528ecmascript%2529:226:42)
    at Object.react_stack_bottom_frame (http://localhost:3000/_next/static/chunks/f8a95_next_dist_compiled_react-dom_b0a814a6._.js:14826:24)
    at renderWithHooks (http://localhost:3000/_next/static/chunks/f8a95_next_dist_compiled_react-dom_b0a814a6._.js:4651:24)
    at updateFunctionComponent (http://localhost:3000/_next/static/chunks/f8a95_next_dist_compiled_react-dom_b0a814a6._.js:6112:21)
    at beginWork (http://localhost:3000/_next/static/chunks/f8a95_next_dist_compiled_react-dom_b0a814a6._.js:6708:24)
    at runWithFiberInDEV (http://localhost:3000/_next/static/chunks/f8a95_next_dist_compiled_react-dom_b0a814a6._.js:965:74)
    at performUnitOfWork (http://localhost:3000/_next/static/chunks/f8a95_next_dist_compiled_react-dom_b0a814a6._.js:9562:97)
    at workLoopSync (http://localhost:3000/_next/static/chunks/f8a95_next_dist_compiled_react-dom_b0a814a6._.js:9456:40)
    at renderRootSync (http://localhost:3000/_next/static/chunks/f8a95_next_dist_compiled_react-dom_b0a814a6._.js:9440:13)
    at performWorkOnRoot (http://localhost:3000/_next/static/chunks/f8a95_next_dist_compiled_react-dom_b0a814a6._.js:9105:47)
    at performSyncWorkOnRoot (http://localhost:3000/_next/static/chunks/f8a95_next_dist_compiled_react-dom_b0a814a6._.js:10238:9)
    at flushSyncWorkAcrossRoots_impl (http://localhost:3000/_next/static/chunks/f8a95_next_dist_compiled_react-dom_b0a814a6._.js:10154:316)
    at flushSyncWork$1 (http://localhost:3000/_next/static/chunks/f8a95_next_dist_compiled_react-dom_b0a814a6._.js:9237:86)
    at Object.scheduleRefresh (http://localhost:3000/_next/static/chunks/f8a95_next_dist_compiled_react-dom_b0a814a6._.js:299:13)
    at http://localhost:3000/_next/static/chunks/f8a95_next_dist_compiled_e7fb4c1c._.js:391:33
    at Set.forEach (<anonymous>)
    at Object.performReactRefresh (http://localhost:3000/_next/static/chunks/f8a95_next_dist_compiled_e7fb4c1c._.js:384:38)
    at applyUpdate (http://localhost:3000/_next/static/chunks/f8a95_next_dist_compiled_e7fb4c1c._.js:878:31)
    at http://localhost:3000/_next/static/chunks/f8a95_next_dist_compiled_e7fb4c1c._.js:886:13 The above error occurred in the <EnrollmentStatsClient> component. It was handled by the <ErrorBoundaryHandler> error boundary. @ http://localhost:3000/_next/static/chunks/f8a95_next_dist_client_e5ba0d71._.js:1342
[67048575ms] [LOG] [Fast Refresh] done in 96ms @ http://localhost:3000/_next/static/chunks/f8a95_next_dist_459ae31a._.js:2297
[67056307ms] [LOG] [Fast Refresh] rebuilding @ http://localhost:3000/_next/static/chunks/f8a95_next_dist_459ae31a._.js:2297
[67056660ms] [LOG] [Fast Refresh] done in 357ms @ http://localhost:3000/_next/static/chunks/f8a95_next_dist_459ae31a._.js:2297
[67061283ms] [LOG] [Fast Refresh] rebuilding @ http://localhost:3000/_next/static/chunks/f8a95_next_dist_459ae31a._.js:2297
[67061449ms] [LOG] [Fast Refresh] done in 268ms @ http://localhost:3000/_next/static/chunks/f8a95_next_dist_459ae31a._.js:2297
[67065022ms] [LOG] [Fast Refresh] rebuilding @ http://localhost:3000/_next/static/chunks/f8a95_next_dist_459ae31a._.js:2297
[67065085ms] [LOG] [Fast Refresh] done in 165ms @ http://localhost:3000/_next/static/chunks/f8a95_next_dist_459ae31a._.js:2297
[67076576ms] [LOG] [Fast Refresh] rebuilding @ http://localhost:3000/_next/static/chunks/f8a95_next_dist_459ae31a._.js:2297
[67076590ms] [LOG] [Fast Refresh] done in 115ms @ http://localhost:3000/_next/static/chunks/f8a95_next_dist_459ae31a._.js:2297
[67089201ms] [LOG] [Fast Refresh] rebuilding @ http://localhost:3000/_next/static/chunks/f8a95_next_dist_459ae31a._.js:2297
[67089206ms] [LOG] [Fast Refresh] done in 107ms @ http://localhost:3000/_next/static/chunks/f8a95_next_dist_459ae31a._.js:2297
[67125605ms] [LOG] [Fast Refresh] rebuilding @ http://localhost:3000/_next/static/chunks/f8a95_next_dist_459ae31a._.js:2297
[67125636ms] [LOG] [Fast Refresh] done in 87ms @ http://localhost:3000/_next/static/chunks/f8a95_next_dist_459ae31a._.js:2297
[67133174ms] [LOG] [Fast Refresh] rebuilding @ http://localhost:3000/_next/static/chunks/f8a95_next_dist_459ae31a._.js:2297
[67133204ms] [LOG] [Fast Refresh] done in 97ms @ http://localhost:3000/_next/static/chunks/f8a95_next_dist_459ae31a._.js:2297
[67137849ms] [LOG] [Fast Refresh] rebuilding @ http://localhost:3000/_next/static/chunks/f8a95_next_dist_459ae31a._.js:2297
[67137958ms] [LOG] [Fast Refresh] done in 210ms @ http://localhost:3000/_next/static/chunks/f8a95_next_dist_459ae31a._.js:2297
[67140003ms] [LOG] [Fast Refresh] rebuilding @ http://localhost:3000/_next/static/chunks/f8a95_next_dist_459ae31a._.js:2297
[67140008ms] [LOG] [Fast Refresh] done in 106ms @ http://localhost:3000/_next/static/chunks/f8a95_next_dist_459ae31a._.js:2297
[67274521ms] [LOG] [Fast Refresh] rebuilding @ http://localhost:3000/_next/static/chunks/f8a95_next_dist_459ae31a._.js:2297
[67274523ms] [LOG] [Fast Refresh] done in 103ms @ http://localhost:3000/_next/static/chunks/f8a95_next_dist_459ae31a._.js:2297
[67406220ms] [LOG] [Fast Refresh] rebuilding @ http://localhost:3000/_next/static/chunks/f8a95_next_dist_459ae31a._.js:2297
[67406296ms] [LOG] [Fast Refresh] done in 178ms @ http://localhost:3000/_next/static/chunks/f8a95_next_dist_459ae31a._.js:2297
[67506774ms] [LOG] [Fast Refresh] rebuilding @ http://localhost:3000/_next/static/chunks/f8a95_next_dist_459ae31a._.js:2297
[67506789ms] [LOG] [Fast Refresh] done in 118ms @ http://localhost:3000/_next/static/chunks/f8a95_next_dist_459ae31a._.js:2297
[67558080ms] [LOG] [Fast Refresh] rebuilding @ http://localhost:3000/_next/static/chunks/f8a95_next_dist_459ae31a._.js:2297
[67558080ms] [LOG] [Fast Refresh] done in 101ms @ http://localhost:3000/_next/static/chunks/f8a95_next_dist_459ae31a._.js:2297
[67590509ms] [LOG] [Fast Refresh] rebuilding @ http://localhost:3000/_next/static/chunks/f8a95_next_dist_459ae31a._.js:2297
[67590535ms] [LOG] [Fast Refresh] done in 127ms @ http://localhost:3000/_next/static/chunks/f8a95_next_dist_459ae31a._.js:2297
[67735253ms] [LOG] [Fast Refresh] rebuilding @ http://localhost:3000/_next/static/chunks/f8a95_next_dist_459ae31a._.js:2297
[67735256ms] [LOG] [Fast Refresh] done in 104ms @ http://localhost:3000/_next/static/chunks/f8a95_next_dist_459ae31a._.js:2297
[67766060ms] [LOG] [Fast Refresh] rebuilding @ http://localhost:3000/_next/static/chunks/f8a95_next_dist_459ae31a._.js:2297
[67766101ms] [LOG] [Fast Refresh] done in 142ms @ http://localhost:3000/_next/static/chunks/f8a95_next_dist_459ae31a._.js:2297
[68706888ms] [LOG] [Fast Refresh] rebuilding @ http://localhost:3000/_next/static/chunks/f8a95_next_dist_459ae31a._.js:2297
[68706895ms] [LOG] [Fast Refresh] done in 109ms @ http://localhost:3000/_next/static/chunks/f8a95_next_dist_459ae31a._.js:2297
[68729292ms] [LOG] [Fast Refresh] rebuilding @ http://localhost:3000/_next/static/chunks/f8a95_next_dist_459ae31a._.js:2297
[68729508ms] [ERROR] %o

%s ReferenceError: Download is not defined
    at EnrollmentStatsClient (http://localhost:3000/_next/static/chunks/src_9a1ac4a1._.js?id=%255Bproject%255D%252Fsrc%252Fcomponents%252Fadmin%252Fenrollment-stats-client.tsx+%255Bapp-client%255D+%2528ecmascript%2529:231:441)
    at Object.react_stack_bottom_frame (http://localhost:3000/_next/static/chunks/f8a95_next_dist_compiled_react-dom_b0a814a6._.js:14826:24)
    at renderWithHooks (http://localhost:3000/_next/static/chunks/f8a95_next_dist_compiled_react-dom_b0a814a6._.js:4651:24)
    at updateFunctionComponent (http://localhost:3000/_next/static/chunks/f8a95_next_dist_compiled_react-dom_b0a814a6._.js:6112:21)
    at beginWork (http://localhost:3000/_next/static/chunks/f8a95_next_dist_compiled_react-dom_b0a814a6._.js:6708:24)
    at runWithFiberInDEV (http://localhost:3000/_next/static/chunks/f8a95_next_dist_compiled_react-dom_b0a814a6._.js:965:74)
    at performUnitOfWork (http://localhost:3000/_next/static/chunks/f8a95_next_dist_compiled_react-dom_b0a814a6._.js:9562:97)
    at workLoopSync (http://localhost:3000/_next/static/chunks/f8a95_next_dist_compiled_react-dom_b0a814a6._.js:9456:40)
    at renderRootSync (http://localhost:3000/_next/static/chunks/f8a95_next_dist_compiled_react-dom_b0a814a6._.js:9440:13)
    at performWorkOnRoot (http://localhost:3000/_next/static/chunks/f8a95_next_dist_compiled_react-dom_b0a814a6._.js:9105:47)
    at performSyncWorkOnRoot (http://localhost:3000/_next/static/chunks/f8a95_next_dist_compiled_react-dom_b0a814a6._.js:10238:9)
    at flushSyncWorkAcrossRoots_impl (http://localhost:3000/_next/static/chunks/f8a95_next_dist_compiled_react-dom_b0a814a6._.js:10154:316)
    at flushSyncWork$1 (http://localhost:3000/_next/static/chunks/f8a95_next_dist_compiled_react-dom_b0a814a6._.js:9237:86)
    at Object.scheduleRefresh (http://localhost:3000/_next/static/chunks/f8a95_next_dist_compiled_react-dom_b0a814a6._.js:299:13)
    at http://localhost:3000/_next/static/chunks/f8a95_next_dist_compiled_e7fb4c1c._.js:391:33
    at Set.forEach (<anonymous>)
    at Object.performReactRefresh (http://localhost:3000/_next/static/chunks/f8a95_next_dist_compiled_e7fb4c1c._.js:384:38)
    at applyUpdate (http://localhost:3000/_next/static/chunks/f8a95_next_dist_compiled_e7fb4c1c._.js:878:31)
    at http://localhost:3000/_next/static/chunks/f8a95_next_dist_compiled_e7fb4c1c._.js:886:13 The above error occurred in the <EnrollmentStatsClient> component. It was handled by the <ErrorBoundaryHandler> error boundary. @ http://localhost:3000/_next/static/chunks/f8a95_next_dist_client_e5ba0d71._.js:1342
[68729555ms] [LOG] [Fast Refresh] done in 305ms @ http://localhost:3000/_next/static/chunks/f8a95_next_dist_459ae31a._.js:2297
[68734076ms] [LOG] [Fast Refresh] rebuilding @ http://localhost:3000/_next/static/chunks/f8a95_next_dist_459ae31a._.js:2297
[68734108ms] [ERROR] %o

%s ReferenceError: Download is not defined
    at EnrollmentStatsClient (http://localhost:3000/_next/static/chunks/src_9a1ac4a1._.js?id=%255Bproject%255D%252Fsrc%252Fcomponents%252Fadmin%252Fenrollment-stats-client.tsx+%255Bapp-client%255D+%2528ecmascript%2529:224:441)
    at Object.react_stack_bottom_frame (http://localhost:3000/_next/static/chunks/f8a95_next_dist_compiled_react-dom_b0a814a6._.js:14826:24)
    at renderWithHooks (http://localhost:3000/_next/static/chunks/f8a95_next_dist_compiled_react-dom_b0a814a6._.js:4651:24)
    at updateFunctionComponent (http://localhost:3000/_next/static/chunks/f8a95_next_dist_compiled_react-dom_b0a814a6._.js:6112:21)
    at beginWork (http://localhost:3000/_next/static/chunks/f8a95_next_dist_compiled_react-dom_b0a814a6._.js:6687:639)
    at runWithFiberInDEV (http://localhost:3000/_next/static/chunks/f8a95_next_dist_compiled_react-dom_b0a814a6._.js:965:74)
    at performUnitOfWork (http://localhost:3000/_next/static/chunks/f8a95_next_dist_compiled_react-dom_b0a814a6._.js:9562:97)
    at workLoopSync (http://localhost:3000/_next/static/chunks/f8a95_next_dist_compiled_react-dom_b0a814a6._.js:9456:40)
    at renderRootSync (http://localhost:3000/_next/static/chunks/f8a95_next_dist_compiled_react-dom_b0a814a6._.js:9440:13)
    at performWorkOnRoot (http://localhost:3000/_next/static/chunks/f8a95_next_dist_compiled_react-dom_b0a814a6._.js:9105:47)
    at performSyncWorkOnRoot (http://localhost:3000/_next/static/chunks/f8a95_next_dist_compiled_react-dom_b0a814a6._.js:10238:9)
    at flushSyncWorkAcrossRoots_impl (http://localhost:3000/_next/static/chunks/f8a95_next_dist_compiled_react-dom_b0a814a6._.js:10154:316)
    at flushSyncWork$1 (http://localhost:3000/_next/static/chunks/f8a95_next_dist_compiled_react-dom_b0a814a6._.js:9237:86)
    at Object.scheduleRefresh (http://localhost:3000/_next/static/chunks/f8a95_next_dist_compiled_react-dom_b0a814a6._.js:299:13)
    at http://localhost:3000/_next/static/chunks/f8a95_next_dist_compiled_e7fb4c1c._.js:391:33
    at Set.forEach (<anonymous>)
    at Object.performReactRefresh (http://localhost:3000/_next/static/chunks/f8a95_next_dist_compiled_e7fb4c1c._.js:384:38)
    at applyUpdate (http://localhost:3000/_next/static/chunks/f8a95_next_dist_compiled_e7fb4c1c._.js:878:31)
    at http://localhost:3000/_next/static/chunks/f8a95_next_dist_compiled_e7fb4c1c._.js:886:13 The above error occurred in the <EnrollmentStatsClient> component. It was handled by the <ErrorBoundaryHandler> error boundary. @ http://localhost:3000/_next/static/chunks/f8a95_next_dist_client_e5ba0d71._.js:1342
[68734113ms] [LOG] [Fast Refresh] done in 115ms @ http://localhost:3000/_next/static/chunks/f8a95_next_dist_459ae31a._.js:2297
[68739250ms] [LOG] [Fast Refresh] rebuilding @ http://localhost:3000/_next/static/chunks/f8a95_next_dist_459ae31a._.js:2297
[68739329ms] [LOG] [Fast Refresh] done in 86ms @ http://localhost:3000/_next/static/chunks/f8a95_next_dist_459ae31a._.js:2297
[68917534ms] [LOG] [Fast Refresh] rebuilding @ http://localhost:3000/_next/static/chunks/f8a95_next_dist_459ae31a._.js:2297
[68917639ms] [LOG] [Fast Refresh] done in 205ms @ http://localhost:3000/_next/static/chunks/f8a95_next_dist_459ae31a._.js:2297
[68923220ms] [LOG] [Fast Refresh] rebuilding @ http://localhost:3000/_next/static/chunks/f8a95_next_dist_459ae31a._.js:2297
[68923428ms] [LOG] [Fast Refresh] done in 309ms @ http://localhost:3000/_next/static/chunks/f8a95_next_dist_459ae31a._.js:2297
[68997717ms] [LOG] [Fast Refresh] rebuilding @ http://localhost:3000/_next/static/chunks/f8a95_next_dist_459ae31a._.js:2297
[68997740ms] [LOG] [Fast Refresh] done in 86ms @ http://localhost:3000/_next/static/chunks/f8a95_next_dist_459ae31a._.js:2297
[69005404ms] [LOG] [Fast Refresh] rebuilding @ http://localhost:3000/_next/static/chunks/f8a95_next_dist_459ae31a._.js:2297
[69005425ms] [LOG] [Fast Refresh] done in 83ms @ http://localhost:3000/_next/static/chunks/f8a95_next_dist_459ae31a._.js:2297
[71336941ms] [LOG] [Fast Refresh] rebuilding @ http://localhost:3000/_next/static/chunks/f8a95_next_dist_459ae31a._.js:2297
[71337080ms] [LOG] [Fast Refresh] done in 240ms @ http://localhost:3000/_next/static/chunks/f8a95_next_dist_459ae31a._.js:2297
[71339954ms] [INFO] %cDownload the React DevTools for a better development experience: https://react.dev/link/react-devtools font-weight:bold @ http://localhost:3000/_next/static/chunks/f8a95_next_dist_459ae31a._.js:2297
[71340086ms] [LOG] [HMR] connected @ http://localhost:3000/_next/static/chunks/f8a95_next_dist_459ae31a._.js:2297
[71344179ms] [LOG] [Fast Refresh] rebuilding @ http://localhost:3000/_next/static/chunks/f8a95_next_dist_459ae31a._.js:2297
[71344206ms] [LOG] [Fast Refresh] done in 127ms @ http://localhost:3000/_next/static/chunks/f8a95_next_dist_459ae31a._.js:2297
[71356030ms] [INFO] %cDownload the React DevTools for a better development experience: https://react.dev/link/react-devtools font-weight:bold @ http://localhost:3000/_next/static/chunks/f8a95_next_dist_459ae31a._.js:2297
[71356064ms] [LOG] [HMR] connected @ http://localhost:3000/_next/static/chunks/f8a95_next_dist_459ae31a._.js:2297
[73729426ms] [LOG] [Fast Refresh] rebuilding @ http://localhost:3000/_next/static/chunks/f8a95_next_dist_459ae31a._.js:2297
[73729517ms] [ERROR] ./src/app/(protected)/admin/ai-chat/page.tsx:6:1
Export detectProviderKey doesn't exist in target module
  4 | import { AiChatClient } from '@/components/admin/ai-chat-client';
  5 | import { EnrollmentStatsClient } from '@/components/admin/enrollment-stats-client';
> 6 | import { detectProviderKey, getModelsForProvider, getProviderLabel, getDefaultModel } from '@/lib/ai/models';
    | ^^^^^^^^^^^^^^^^^^^^^^^^^^^^^^^^^^^^^^^^^^^^^^^^^^^^^^^^^^^^^^^^^^^^^^^^^^^^^^^^^^^^^^^^^^^^^^^^^^^^^^^^^^^^^
  7 | import { Tabs, TabsList, TabsTrigger, TabsContent } from '@/components/ui/tabs';
  8 |
  9 | export const dynamic = 'force-dynamic';

The export detectProviderKey was not found in module [project]/src/lib/ai/models.ts [app-rsc] (ecmascript).
Did you mean to import getDefaultModelId?
All exports of the module are statically known (It doesn't have dynamic exports). So it's known statically that the requested export doesn't exist. @ http://localhost:3000/_next/static/chunks/f8a95_next_dist_459ae31a._.js:3127
[73729518ms] [ERROR] ./src/app/(protected)/admin/ai-chat/page.tsx:6:1
Export getDefaultModel doesn't exist in target module
  4 | import { AiChatClient } from '@/components/admin/ai-chat-client';
  5 | import { EnrollmentStatsClient } from '@/components/admin/enrollment-stats-client';
> 6 | import { detectProviderKey, getModelsForProvider, getProviderLabel, getDefaultModel } from '@/lib/ai/models';
    | ^^^^^^^^^^^^^^^^^^^^^^^^^^^^^^^^^^^^^^^^^^^^^^^^^^^^^^^^^^^^^^^^^^^^^^^^^^^^^^^^^^^^^^^^^^^^^^^^^^^^^^^^^^^^^
  7 | import { Tabs, TabsList, TabsTrigger, TabsContent } from '@/components/ui/tabs';
  8 |
  9 | export const dynamic = 'force-dynamic';

The export getDefaultModel was not found in module [project]/src/lib/ai/models.ts [app-rsc] (ecmascript).
Did you mean to import getDefaultModelId?
All exports of the module are statically known (It doesn't have dynamic exports). So it's known statically that the requested export doesn't exist. @ http://localhost:3000/_next/static/chunks/f8a95_next_dist_459ae31a._.js:3127
[73729518ms] [ERROR] ./src/app/(protected)/admin/ai-chat/page.tsx:6:1
Export getModelsForProvider doesn't exist in target module
  4 | import { AiChatClient } from '@/components/admin/ai-chat-client';
  5 | import { EnrollmentStatsClient } from '@/components/admin/enrollment-stats-client';
> 6 | import { detectProviderKey, getModelsForProvider, getProviderLabel, getDefaultModel } from '@/lib/ai/models';
    | ^^^^^^^^^^^^^^^^^^^^^^^^^^^^^^^^^^^^^^^^^^^^^^^^^^^^^^^^^^^^^^^^^^^^^^^^^^^^^^^^^^^^^^^^^^^^^^^^^^^^^^^^^^^^^
  7 | import { Tabs, TabsList, TabsTrigger, TabsContent } from '@/components/ui/tabs';
  8 |
  9 | export const dynamic = 'force-dynamic';

The export getModelsForProvider was not found in module [project]/src/lib/ai/models.ts [app-rsc] (ecmascript).
Did you mean to import getDefaultModelId?
All exports of the module are statically known (It doesn't have dynamic exports). So it's known statically that the requested export doesn't exist. @ http://localhost:3000/_next/static/chunks/f8a95_next_dist_459ae31a._.js:3127
[73729518ms] [ERROR] ./src/app/(protected)/admin/ai-chat/page.tsx:6:1
Export getProviderLabel doesn't exist in target module
  4 | import { AiChatClient } from '@/components/admin/ai-chat-client';
  5 | import { EnrollmentStatsClient } from '@/components/admin/enrollment-stats-client';
> 6 | import { detectProviderKey, getModelsForProvider, getProviderLabel, getDefaultModel } from '@/lib/ai/models';
    | ^^^^^^^^^^^^^^^^^^^^^^^^^^^^^^^^^^^^^^^^^^^^^^^^^^^^^^^^^^^^^^^^^^^^^^^^^^^^^^^^^^^^^^^^^^^^^^^^^^^^^^^^^^^^^
  7 | import { Tabs, TabsList, TabsTrigger, TabsContent } from '@/components/ui/tabs';
  8 |
  9 | export const dynamic = 'force-dynamic';

The export getProviderLabel was not found in module [project]/src/lib/ai/models.ts [app-rsc] (ecmascript).
Did you mean to import getAvailableGroups?
All exports of the module are statically known (It doesn't have dynamic exports). So it's known statically that the requested export doesn't exist. @ http://localhost:3000/_next/static/chunks/f8a95_next_dist_459ae31a._.js:3127
[73766232ms] [ERROR] ./src/app/(protected)/admin/ai-chat/page.tsx:6:1
Export detectProviderKey doesn't exist in target module
  4 | import { AiChatClient } from '@/components/admin/ai-chat-client';
  5 | import { EnrollmentStatsClient } from '@/components/admin/enrollment-stats-client';
> 6 | import { detectProviderKey, getModelsForProvider, getProviderLabel, getDefaultModel } from '@/lib/ai/models';
    | ^^^^^^^^^^^^^^^^^^^^^^^^^^^^^^^^^^^^^^^^^^^^^^^^^^^^^^^^^^^^^^^^^^^^^^^^^^^^^^^^^^^^^^^^^^^^^^^^^^^^^^^^^^^^^
  7 | import { Tabs, TabsList, TabsTrigger, TabsContent } from '@/components/ui/tabs';
  8 |
  9 | export const dynamic = 'force-dynamic';

The export detectProviderKey was not found in module [project]/src/lib/ai/models.ts [app-rsc] (ecmascript).
Did you mean to import getDefaultModelId?
All exports of the module are statically known (It doesn't have dynamic exports). So it's known statically that the requested export doesn't exist. @ http://localhost:3000/_next/static/chunks/f8a95_next_dist_459ae31a._.js:3127
[73766232ms] [ERROR] ./src/app/(protected)/admin/ai-chat/page.tsx:6:1
Export getDefaultModel doesn't exist in target module
  4 | import { AiChatClient } from '@/components/admin/ai-chat-client';
  5 | import { EnrollmentStatsClient } from '@/components/admin/enrollment-stats-client';
> 6 | import { detectProviderKey, getModelsForProvider, getProviderLabel, getDefaultModel } from '@/lib/ai/models';
    | ^^^^^^^^^^^^^^^^^^^^^^^^^^^^^^^^^^^^^^^^^^^^^^^^^^^^^^^^^^^^^^^^^^^^^^^^^^^^^^^^^^^^^^^^^^^^^^^^^^^^^^^^^^^^^
  7 | import { Tabs, TabsList, TabsTrigger, TabsContent } from '@/components/ui/tabs';
  8 |
  9 | export const dynamic = 'force-dynamic';

The export getDefaultModel was not found in module [project]/src/lib/ai/models.ts [app-rsc] (ecmascript).
Did you mean to import getDefaultModelId?
All exports of the module are statically known (It doesn't have dynamic exports). So it's known statically that the requested export doesn't exist. @ http://localhost:3000/_next/static/chunks/f8a95_next_dist_459ae31a._.js:3127
[73766232ms] [ERROR] ./src/app/(protected)/admin/ai-chat/page.tsx:6:1
Export getModelsForProvider doesn't exist in target module
  4 | import { AiChatClient } from '@/components/admin/ai-chat-client';
  5 | import { EnrollmentStatsClient } from '@/components/admin/enrollment-stats-client';
> 6 | import { detectProviderKey, getModelsForProvider, getProviderLabel, getDefaultModel } from '@/lib/ai/models';
    | ^^^^^^^^^^^^^^^^^^^^^^^^^^^^^^^^^^^^^^^^^^^^^^^^^^^^^^^^^^^^^^^^^^^^^^^^^^^^^^^^^^^^^^^^^^^^^^^^^^^^^^^^^^^^^
  7 | import { Tabs, TabsList, TabsTrigger, TabsContent } from '@/components/ui/tabs';
  8 |
  9 | export const dynamic = 'force-dynamic';

The export getModelsForProvider was not found in module [project]/src/lib/ai/models.ts [app-rsc] (ecmascript).
Did you mean to import getDefaultModelId?
All exports of the module are statically known (It doesn't have dynamic exports). So it's known statically that the requested export doesn't exist. @ http://localhost:3000/_next/static/chunks/f8a95_next_dist_459ae31a._.js:3127
[73766232ms] [ERROR] ./src/app/(protected)/admin/ai-chat/page.tsx:6:1
Export getProviderLabel doesn't exist in target module
  4 | import { AiChatClient } from '@/components/admin/ai-chat-client';
  5 | import { EnrollmentStatsClient } from '@/components/admin/enrollment-stats-client';
> 6 | import { detectProviderKey, getModelsForProvider, getProviderLabel, getDefaultModel } from '@/lib/ai/models';
    | ^^^^^^^^^^^^^^^^^^^^^^^^^^^^^^^^^^^^^^^^^^^^^^^^^^^^^^^^^^^^^^^^^^^^^^^^^^^^^^^^^^^^^^^^^^^^^^^^^^^^^^^^^^^^^
  7 | import { Tabs, TabsList, TabsTrigger, TabsContent } from '@/components/ui/tabs';
  8 |
  9 | export const dynamic = 'force-dynamic';

The export getProviderLabel was not found in module [project]/src/lib/ai/models.ts [app-rsc] (ecmascript).
Did you mean to import getAvailableGroups?
All exports of the module are statically known (It doesn't have dynamic exports). So it's known statically that the requested export doesn't exist. @ http://localhost:3000/_next/static/chunks/f8a95_next_dist_459ae31a._.js:3127
[73766312ms] [ERROR] ./src/app/(protected)/admin/ai-chat/page.tsx:6:1
Export detectProviderKey doesn't exist in target module
  4 | import { AiChatClient } from '@/components/admin/ai-chat-client';
  5 | import { EnrollmentStatsClient } from '@/components/admin/enrollment-stats-client';
> 6 | import { detectProviderKey, getModelsForProvider, getProviderLabel, getDefaultModel } from '@/lib/ai/models';
    | ^^^^^^^^^^^^^^^^^^^^^^^^^^^^^^^^^^^^^^^^^^^^^^^^^^^^^^^^^^^^^^^^^^^^^^^^^^^^^^^^^^^^^^^^^^^^^^^^^^^^^^^^^^^^^
  7 | import { Tabs, TabsList, TabsTrigger, TabsContent } from '@/components/ui/tabs';
  8 |
  9 | export const dynamic = 'force-dynamic';

The export detectProviderKey was not found in module [project]/src/lib/ai/models.ts [app-rsc] (ecmascript).
Did you mean to import getDefaultModelId?
All exports of the module are statically known (It doesn't have dynamic exports). So it's known statically that the requested export doesn't exist. @ http://localhost:3000/_next/static/chunks/f8a95_next_dist_459ae31a._.js:3127
[73766313ms] [ERROR] ./src/app/(protected)/admin/ai-chat/page.tsx:6:1
Export getDefaultModel doesn't exist in target module
  4 | import { AiChatClient } from '@/components/admin/ai-chat-client';
  5 | import { EnrollmentStatsClient } from '@/components/admin/enrollment-stats-client';
> 6 | import { detectProviderKey, getModelsForProvider, getProviderLabel, getDefaultModel } from '@/lib/ai/models';
    | ^^^^^^^^^^^^^^^^^^^^^^^^^^^^^^^^^^^^^^^^^^^^^^^^^^^^^^^^^^^^^^^^^^^^^^^^^^^^^^^^^^^^^^^^^^^^^^^^^^^^^^^^^^^^^
  7 | import { Tabs, TabsList, TabsTrigger, TabsContent } from '@/components/ui/tabs';
  8 |
  9 | export const dynamic = 'force-dynamic';

The export getDefaultModel was not found in module [project]/src/lib/ai/models.ts [app-rsc] (ecmascript).
Did you mean to import getDefaultModelId?
All exports of the module are statically known (It doesn't have dynamic exports). So it's known statically that the requested export doesn't exist. @ http://localhost:3000/_next/static/chunks/f8a95_next_dist_459ae31a._.js:3127
[73766313ms] [ERROR] ./src/app/(protected)/admin/ai-chat/page.tsx:6:1
Export getModelsForProvider doesn't exist in target module
  4 | import { AiChatClient } from '@/components/admin/ai-chat-client';
  5 | import { EnrollmentStatsClient } from '@/components/admin/enrollment-stats-client';
> 6 | import { detectProviderKey, getModelsForProvider, getProviderLabel, getDefaultModel } from '@/lib/ai/models';
    | ^^^^^^^^^^^^^^^^^^^^^^^^^^^^^^^^^^^^^^^^^^^^^^^^^^^^^^^^^^^^^^^^^^^^^^^^^^^^^^^^^^^^^^^^^^^^^^^^^^^^^^^^^^^^^
  7 | import { Tabs, TabsList, TabsTrigger, TabsContent } from '@/components/ui/tabs';
  8 |
  9 | export const dynamic = 'force-dynamic';

The export getModelsForProvider was not found in module [project]/src/lib/ai/models.ts [app-rsc] (ecmascript).
Did you mean to import getDefaultModelId?
All exports of the module are statically known (It doesn't have dynamic exports). So it's known statically that the requested export doesn't exist. @ http://localhost:3000/_next/static/chunks/f8a95_next_dist_459ae31a._.js:3127
[73766313ms] [ERROR] ./src/app/(protected)/admin/ai-chat/page.tsx:6:1
Export getProviderLabel doesn't exist in target module
  4 | import { AiChatClient } from '@/components/admin/ai-chat-client';
  5 | import { EnrollmentStatsClient } from '@/components/admin/enrollment-stats-client';
> 6 | import { detectProviderKey, getModelsForProvider, getProviderLabel, getDefaultModel } from '@/lib/ai/models';
    | ^^^^^^^^^^^^^^^^^^^^^^^^^^^^^^^^^^^^^^^^^^^^^^^^^^^^^^^^^^^^^^^^^^^^^^^^^^^^^^^^^^^^^^^^^^^^^^^^^^^^^^^^^^^^^
  7 | import { Tabs, TabsList, TabsTrigger, TabsContent } from '@/components/ui/tabs';
  8 |
  9 | export const dynamic = 'force-dynamic';

The export getProviderLabel was not found in module [project]/src/lib/ai/models.ts [app-rsc] (ecmascript).
Did you mean to import getAvailableGroups?
All exports of the module are statically known (It doesn't have dynamic exports). So it's known statically that the requested export doesn't exist. @ http://localhost:3000/_next/static/chunks/f8a95_next_dist_459ae31a._.js:3127
[73766334ms] [LOG] [Fast Refresh] rebuilding @ http://localhost:3000/_next/static/chunks/f8a95_next_dist_459ae31a._.js:2297
[73771424ms] [LOG] [Fast Refresh] rebuilding @ http://localhost:3000/_next/static/chunks/f8a95_next_dist_459ae31a._.js:2297
[73771451ms] [LOG] [Fast Refresh] done in 115ms @ http://localhost:3000/_next/static/chunks/f8a95_next_dist_459ae31a._.js:2297
[73771562ms] [LOG] [Fast Refresh] rebuilding @ http://localhost:3000/_next/static/chunks/f8a95_next_dist_459ae31a._.js:2297
[73771713ms] [LOG] [Fast Refresh] done in 251ms @ http://localhost:3000/_next/static/chunks/f8a95_next_dist_459ae31a._.js:2297
[73773963ms] [ERROR] %o

%s ReferenceError: detectProviderKey is not defined
    at AdminAiChatPage (about://React/Server/file:///Users/Howard/Desktop/ezd_app/.next/dev/server/chunks/ssr/%5Broot-of-the-server%5D__9a29ad85._.js?58:197:17)
    at resolveErrorDev (http://localhost:3000/_next/static/chunks/f8a95_next_dist_compiled_react-server-dom-turbopack_1df7b216._.js:1881:148)
    at processFullStringRow (http://localhost:3000/_next/static/chunks/f8a95_next_dist_compiled_react-server-dom-turbopack_1df7b216._.js:2389:29)
    at processFullBinaryRow (http://localhost:3000/_next/static/chunks/f8a95_next_dist_compiled_react-server-dom-turbopack_1df7b216._.js:2348:9)
    at processBinaryChunk (http://localhost:3000/_next/static/chunks/f8a95_next_dist_compiled_react-server-dom-turbopack_1df7b216._.js:2457:221)
    at progress (http://localhost:3000/_next/static/chunks/f8a95_next_dist_compiled_react-server-dom-turbopack_1df7b216._.js:2625:13) The above error occurred in the <AdminAiChatPage> component. It was handled by the <ErrorBoundaryHandler> error boundary. @ http://localhost:3000/_next/static/chunks/f8a95_next_dist_client_e5ba0d71._.js:1342
[73775611ms] [LOG] [Fast Refresh] rebuilding @ http://localhost:3000/_next/static/chunks/f8a95_next_dist_459ae31a._.js:2297
[73775858ms] [LOG] [Fast Refresh] done in 65ms @ http://localhost:3000/_next/static/chunks/f8a95_next_dist_459ae31a._.js:2297
[73780073ms] [LOG] [Fast Refresh] rebuilding @ http://localhost:3000/_next/static/chunks/f8a95_next_dist_459ae31a._.js:2297
[73780265ms] [LOG] [Fast Refresh] done in 64ms @ http://localhost:3000/_next/static/chunks/f8a95_next_dist_459ae31a._.js:2297
[73824773ms] [LOG] [Fast Refresh] rebuilding @ http://localhost:3000/_next/static/chunks/f8a95_next_dist_459ae31a._.js:2297
[73824859ms] [LOG] [Fast Refresh] done in 164ms @ http://localhost:3000/_next/static/chunks/f8a95_next_dist_459ae31a._.js:2297
